DELETE https://staging.app.conichi.com/api/v3/itinerary/bookings
Accept: application/json
Content-Type: application/json

{"test1":"1 is tested","test2":"2 is tested","test3":{"test4":"test 3 & 4 are tested"}}