GET https://staging.app.conichi.com/api/v3/itinerary/bookings
Accept: application/json
Content-Type: application/json